// Vitest Snapshot v1, https://vitest.dev/guide/snapshot.html

exports[`测试示例 > hellow world 1`] = `"<h1 class=\\"name\\">hello world!</h1>"`;
